Collecting nbformat
  Downloading nbformat-5.11.1-py3-none-any.whl.metadata (3.7 kB)
Collecting nbclient
  Downloading nbclient-0.11.0-py3-none-any.whl.metadata (7.3 kB)
Collecting ipykernel
  Using cached ipykernel-7.3.0-py3-none-any.whl.metadata (4.5 kB)
Collecting fastjsonschema>=2.15 (from nbformat)
  Downloading fastjsonschema-2.22.2-py3-none-any.whl.metadata (2.1 kB)
Collecting jsonschema>=2.6 (from nbformat)
  Downloading jsonschema-4.26.0-py3-none-any.whl.metadata (7.6 kB)
Collecting jupyter-core!=5.0.*,>=4.12 (from nbformat)
  Using cached jupyter_core-5.9.1-py3-none-any.whl.metadata (1.5 kB)
Collecting traitlets>=5.1 (from nbformat)
  Using cached traitlets-5.16.1-py3-none-any.whl.metadata (10 kB)
Collecting jupyter-client>=7.0.0 (from nbclient)
  Using cached jupyter_client-8.10.0-py3-none-any.whl.metadata (8.5 kB)
Collecting comm>=0.1.1 (from ipykernel)
  Using cached comm-0.2.3-py3-none-any.whl.metadata (3.7 kB)
Collecting debugpy>=1.6.5 (from ipykernel)
  Using cached debugpy-1.8.21-cp313-cp313-win_amd64.whl.metadata (1.5 kB)
Collecting ipython>=7.23.1 (from ipykernel)
  Downloading ipython-9.17.1-py3-none-any.whl.metadata (4.6 kB)
Collecting matplotlib-inline>=0.1 (from ipykernel)
  Using cached matplotlib_inline-0.2.2-py3-none-any.whl.metadata (2.4 kB)
Collecting nest-asyncio2>=1.7.0 (from ipykernel)
  Using cached nest_asyncio2-1.7.2-py3-none-any.whl.metadata (6.3 kB)
Collecting packaging>=22 (from ipykernel)
  Using cached packaging-26.3-py3-none-any.whl.metadata (3.5 kB)
Collecting psutil>=5.7 (from ipykernel)
  Using cached psutil-7.2.2-cp37-abi3-win_amd64.whl.metadata (22 kB)
Collecting pyzmq>=25 (from ipykernel)
  Using cached pyzmq-27.2.0-cp312-abi3-win_amd64.whl.metadata (3.8 kB)
Collecting tornado>=6.4.1 (from ipykernel)
  Using cached tornado-6.5.8-cp39-abi3-win_amd64.whl.metadata (2.9 kB)
Collecting colorama>=0.4.4 (from ipython>=7.23.1->ipykernel)
  Using cached colorama-0.4.6-py2.py3-none-any.whl.metadata (17 kB)
Collecting ipython-pygments-lexers>=1.0.0 (from ipython>=7.23.1->ipykernel)
  Using cached ipython_pygments_lexers-1.1.1-py3-none-any.whl.metadata (1.1 kB)
Collecting jedi>=0.18.2 (from ipython>=7.23.1->ipykernel)
  Using cached jedi-0.20.0-py2.py3-none-any.whl.metadata (23 kB)
Collecting prompt_toolkit<3.1.0,>=3.0.41 (from ipython>=7.23.1->ipykernel)
  Using cached prompt_toolkit-3.0.53-py3-none-any.whl.metadata (6.4 kB)
Collecting pygments>=2.14.0 (from ipython>=7.23.1->ipykernel)
  Using cached pygments-2.21.0-py3-none-any.whl.metadata (2.5 kB)
Collecting stack_data>=0.6.0 (from ipython>=7.23.1->ipykernel)
  Using cached stack_data-0.6.3-py3-none-any.whl.metadata (18 kB)
Collecting wcwidth>=0.1.4 (from prompt_toolkit<3.1.0,>=3.0.41->ipython>=7.23.1->ipykernel)
  Using cached wcwidth-0.8.3-py3-none-any.whl.metadata (43 kB)
Collecting parso<0.9.0,>=0.8.6 (from jedi>=0.18.2->ipython>=7.23.1->ipykernel)
  Using cached parso-0.8.7-py2.py3-none-any.whl.metadata (8.2 kB)
Collecting attrs>=22.2.0 (from jsonschema>=2.6->nbformat)
  Using cached attrs-26.1.0-py3-none-any.whl.metadata (8.8 kB)
Collecting jsonschema-specifications>=2023.03.6 (from jsonschema>=2.6->nbformat)
  Downloading jsonschema_specifications-2025.9.1-py3-none-any.whl.metadata (2.9 kB)
Collecting referencing>=0.28.4 (from jsonschema>=2.6->nbformat)
  Downloading referencing-0.37.0-py3-none-any.whl.metadata (2.8 kB)
Collecting rpds-py>=0.25.0 (from jsonschema>=2.6->nbformat)
  Downloading rpds_py-2026.6.3-cp313-cp313-win_amd64.whl.metadata (4.2 kB)
Collecting python-dateutil>=2.8.2 (from jupyter-client>=7.0.0->nbclient)
  Using cached python_dateutil-2.9.0.post0-py2.py3-none-any.whl.metadata (8.4 kB)
Collecting typing-extensions>=4.13.0 (from jupyter-client>=7.0.0->nbclient)
  Using cached typing_extensions-4.16.0-py3-none-any.whl.metadata (3.3 kB)
Collecting platformdirs>=2.5 (from jupyter-core!=5.0.*,>=4.12->nbformat)
  Downloading platformdirs-4.11.7-py3-none-any.whl.metadata (5.5 kB)
Collecting six>=1.5 (from python-dateutil>=2.8.2->jupyter-client>=7.0.0->nbclient)
  Using cached six-1.17.0-py2.py3-none-any.whl.metadata (1.7 kB)
Collecting executing>=1.2.0 (from stack_data>=0.6.0->ipython>=7.23.1->ipykernel)
  Using cached executing-2.2.1-py2.py3-none-any.whl.metadata (8.9 kB)
Collecting asttokens>=2.1.0 (from stack_data>=0.6.0->ipython>=7.23.1->ipykernel)
  Using cached asttokens-3.0.2-py3-none-any.whl.metadata (5.7 kB)
Collecting pure-eval (from stack_data>=0.6.0->ipython>=7.23.1->ipykernel)
  Using cached pure_eval-0.2.3-py3-none-any.whl.metadata (6.3 kB)
Downloading nbformat-5.11.1-py3-none-any.whl (79 kB)
Downloading nbclient-0.11.0-py3-none-any.whl (25 kB)
Using cached ipykernel-7.3.0-py3-none-any.whl (120 kB)
Using cached comm-0.2.3-py3-none-any.whl (7.3 kB)
Using cached debugpy-1.8.21-cp313-cp313-win_amd64.whl (5.4 MB)
Downloading fastjsonschema-2.22.2-py3-none-any.whl (27 kB)
Downloading ipython-9.17.1-py3-none-any.whl (639 kB)
   ---------------------------------------- 639.0/639.0 kB 2.4 MB/s  0:00:00
Using cached prompt_toolkit-3.0.53-py3-none-any.whl (392 kB)
Using cached colorama-0.4.6-py2.py3-none-any.whl (25 kB)
Using cached ipython_pygments_lexers-1.1.1-py3-none-any.whl (8.1 kB)
Using cached jedi-0.20.0-py2.py3-none-any.whl (4.9 MB)
Using cached parso-0.8.7-py2.py3-none-any.whl (107 kB)
Downloading jsonschema-4.26.0-py3-none-any.whl (90 kB)
Using cached attrs-26.1.0-py3-none-any.whl (67 kB)
Downloading jsonschema_specifications-2025.9.1-py3-none-any.whl (18 kB)
Using cached jupyter_client-8.10.0-py3-none-any.whl (110 kB)
Using cached jupyter_core-5.9.1-py3-none-any.whl (29 kB)
Using cached matplotlib_inline-0.2.2-py3-none-any.whl (9.5 kB)
Using cached nest_asyncio2-1.7.2-py3-none-any.whl (7.8 kB)
Using cached packaging-26.3-py3-none-any.whl (129 kB)
Downloading platformdirs-4.11.7-py3-none-any.whl (23 kB)
Using cached psutil-7.2.2-cp37-abi3-win_amd64.whl (137 kB)
Using cached pygments-2.21.0-py3-none-any.whl (1.3 MB)
Using cached python_dateutil-2.9.0.post0-py2.py3-none-any.whl (229 kB)
Using cached pyzmq-27.2.0-cp312-abi3-win_amd64.whl (628 kB)
Downloading referencing-0.37.0-py3-none-any.whl (26 kB)
Downloading rpds_py-2026.6.3-cp313-cp313-win_amd64.whl (219 kB)
Using cached six-1.17.0-py2.py3-none-any.whl (11 kB)
Using cached stack_data-0.6.3-py3-none-any.whl (24 kB)
Using cached asttokens-3.0.2-py3-none-any.whl (28 kB)
Using cached executing-2.2.1-py2.py3-none-any.whl (28 kB)
Using cached tornado-6.5.8-cp39-abi3-win_amd64.whl (452 kB)
Using cached traitlets-5.16.1-py3-none-any.whl (86 kB)
Using cached typing_extensions-4.16.0-py3-none-any.whl (45 kB)
Using cached wcwidth-0.8.3-py3-none-any.whl (331 kB)
Using cached pure_eval-0.2.3-py3-none-any.whl (11 kB)
Installing collected packages: pure-eval, wcwidth, typing-extensions, traitlets, tornado, six, rpds-py, pyzmq, pygments, psutil, platformdirs, parso, packaging, nest-asyncio2, fastjsonschema, executing, debugpy, comm, colorama, attrs, asttokens, stack_data, referencing, python-dateutil, prompt_toolkit, matplotlib-inline, jupyter-core, jedi, ipython-pygments-lexers, jupyter-client, jsonschema-specifications, ipython, jsonschema, ipykernel, nbformat, nbclient

Successfully installed asttokens-3.0.2 attrs-26.1.0 colorama-0.4.6 comm-0.2.3 debugpy-1.8.21 executing-2.2.1 fastjsonschema-2.22.2 ipykernel-7.3.0 ipython-9.17.1 ipython-pygments-lexers-1.1.1 jedi-0.20.0 jsonschema-4.26.0 jsonschema-specifications-2025.9.1 jupyter-client-8.10.0 jupyter-core-5.9.1 matplotlib-inline-0.2.2 nbclient-0.11.0 nbformat-5.11.1 nest-asyncio2-1.7.2 packaging-26.3 parso-0.8.7 platformdirs-4.11.7 prompt_toolkit-3.0.53 psutil-7.2.2 pure-eval-0.2.3 pygments-2.21.0 python-dateutil-2.9.0.post0 pyzmq-27.2.0 referencing-0.37.0 rpds-py-2026.6.3 six-1.17.0 stack_data-0.6.3 tornado-6.5.8 traitlets-5.16.1 typing-extensions-4.16.0 wcwidth-0.8.3

[notice] A new release of pip is available: 26.1.2 -> 26.2.1
[notice] To update, run: C:\Users\c3283\Desktop\INCOEX\fase6 proyecto integrador\mlflow-lab\Scripts\python.exe -m pip install --upgrade pip
