.........EEEEE.................................................          [100%]
=================================== ERRORS ====================================
___ ERROR at setup of test_run_can_be_read_in_a_new_session[dummy_baseline] ___

cls = <class '_pytest.runner.CallInfo'>
func = <function call_and_report.<locals>.<lambda> at 0x0000022AD3C26200>
when = 'setup'
reraise = (<class '_pytest.outcomes.Exit'>, <class 'KeyboardInterrupt'>)

    @classmethod
    def from_call(
        cls,
        func: Callable[[], TResult],
        when: Literal["collect", "setup", "call", "teardown"],
        reraise: type[BaseException] | tuple[type[BaseException], ...] | None = None,
    ) -> CallInfo[TResult]:
        """Call func, wrapping the result in a CallInfo.
    
        :param func:
            The function to call. Called without arguments.
        :type func: Callable[[], _pytest.runner.TResult]
        :param when:
            The phase in which the function is called.
        :param reraise:
            Exception or exceptions that shall propagate if raised by the
            function, instead of being wrapped in the CallInfo.
        """
        excinfo = None
        start = timing.time()
        precise_start = timing.perf_counter()
        try:
>           result: TResult | None = func()

..\fase6 proyecto integrador\mlflow-lab\Lib\site-packages\_pytest\runner.py:341: 
_ _ _ _ _ _ _ _ _ _ _ _ _ _ _ _ _ _ _ _ _ _ _ _ _ _ _ _ _ _ _ _ _ _ _ _ _ _ _ _
..\fase6 proyecto integrador\mlflow-lab\Lib\site-packages\_pytest\runner.py:242: in <lambda>
    lambda: runtest_hook(item=item, **kwds), when=when, reraise=reraise
..\fase6 proyecto integrador\mlflow-lab\Lib\site-packages\pluggy\_hooks.py:512: in __call__
    return self._hookexec(self.name, self._hookimpls.copy(), kwargs, firstresult)
..\fase6 proyecto integrador\mlflow-lab\Lib\site-packages\pluggy\_manager.py:120: in _hookexec
    return self._inner_hookexec(hook_name, methods, kwargs, firstresult)
..\fase6 proyecto integrador\mlflow-lab\Lib\site-packages\_pytest\unraisableexception.py:90: in pytest_runtest_setup
    yield from unraisable_exception_runtest_hook()
..\fase6 proyecto integrador\mlflow-lab\Lib\site-packages\_pytest\unraisableexception.py:70: in unraisable_exception_runtest_hook
    yield
..\fase6 proyecto integrador\mlflow-lab\Lib\site-packages\_pytest\logging.py:840: in pytest_runtest_setup
    yield from self._runtest_for(item, "setup")
..\fase6 proyecto integrador\mlflow-lab\Lib\site-packages\_pytest\logging.py:829: in _runtest_for
    yield
..\fase6 proyecto integrador\mlflow-lab\Lib\site-packages\_pytest\capture.py:875: in pytest_runtest_setup
    return (yield)
..\fase6 proyecto integrador\mlflow-lab\Lib\site-packages\_pytest\threadexception.py:87: in pytest_runtest_setup
    yield from thread_exception_runtest_hook()
..\fase6 proyecto integrador\mlflow-lab\Lib\site-packages\_pytest\threadexception.py:68: in thread_exception_runtest_hook
    yield
..\fase6 proyecto integrador\mlflow-lab\Lib\site-packages\_pytest\runner.py:160: in pytest_runtest_setup
    item.session._setupstate.setup(item)
..\fase6 proyecto integrador\mlflow-lab\Lib\site-packages\_pytest\runner.py:514: in setup
    col.setup()
..\fase6 proyecto integrador\mlflow-lab\Lib\site-packages\_pytest\python.py:1630: in setup
    self._request._fillfixtures()
..\fase6 proyecto integrador\mlflow-lab\Lib\site-packages\_pytest\fixtures.py:697: in _fillfixtures
    item.funcargs[argname] = self.getfixturevalue(argname)
..\fase6 proyecto integrador\mlflow-lab\Lib\site-packages\_pytest\fixtures.py:532: in getfixturevalue
    fixturedef = self._get_active_fixturedef(argname)
..\fase6 proyecto integrador\mlflow-lab\Lib\site-packages\_pytest\fixtures.py:617: in _get_active_fixturedef
    fixturedef.execute(request=subrequest)
..\fase6 proyecto integrador\mlflow-lab\Lib\site-packages\_pytest\fixtures.py:1091: in execute
    result = ihook.pytest_fixture_setup(fixturedef=self, request=request)
..\fase6 proyecto integrador\mlflow-lab\Lib\site-packages\pluggy\_hooks.py:512: in __call__
    return self._hookexec(self.name, self._hookimpls.copy(), kwargs, firstresult)
..\fase6 proyecto integrador\mlflow-lab\Lib\site-packages\pluggy\_manager.py:120: in _hookexec
    return self._inner_hookexec(hook_name, methods, kwargs, firstresult)
..\fase6 proyecto integrador\mlflow-lab\Lib\site-packages\pluggy\_callers.py:53: in run_old_style_hookwrapper
    return result.get_result()
..\fase6 proyecto integrador\mlflow-lab\Lib\site-packages\pluggy\_callers.py:38: in run_old_style_hookwrapper
    res = yield
..\fase6 proyecto integrador\mlflow-lab\Lib\site-packages\_pytest\setuponly.py:36: in pytest_fixture_setup
    return (yield)
..\fase6 proyecto integrador\mlflow-lab\Lib\site-packages\_pytest\fixtures.py:1140: in pytest_fixture_setup
    result = call_fixture_func(fixturefunc, request, kwargs)
..\fase6 proyecto integrador\mlflow-lab\Lib\site-packages\_pytest\fixtures.py:891: in call_fixture_func
    fixture_result = next(generator)
..\fase6 proyecto integrador\mlflow-lab\Lib\site-packages\_pytest\tmpdir.py:273: in tmp_path
    path = _mk_tmp(request, tmp_path_factory)
..\fase6 proyecto integrador\mlflow-lab\Lib\site-packages\_pytest\tmpdir.py:253: in _mk_tmp
    return factory.mktemp(name, numbered=True)
..\fase6 proyecto integrador\mlflow-lab\Lib\site-packages\_pytest\tmpdir.py:132: in mktemp
    basename = self._ensure_relative_to_basetemp(basename)
..\fase6 proyecto integrador\mlflow-lab\Lib\site-packages\_pytest\tmpdir.py:113: in _ensure_relative_to_basetemp
    if (self.getbasetemp() / basename).resolve().parent != self.getbasetemp():
..\fase6 proyecto integrador\mlflow-lab\Lib\site-packages\_pytest\tmpdir.py:188: in getbasetemp
    basetemp = make_numbered_dir_with_cleanup(
..\fase6 proyecto integrador\mlflow-lab\Lib\site-packages\_pytest\pathlib.py:402: in make_numbered_dir_with_cleanup
    raise e
..\fase6 proyecto integrador\mlflow-lab\Lib\site-packages\_pytest\pathlib.py:383: in make_numbered_dir_with_cleanup
    p = make_numbered_dir(root, prefix, mode)
..\fase6 proyecto integrador\mlflow-lab\Lib\site-packages\_pytest\pathlib.py:224: in make_numbered_dir
    max_existing = max(map(parse_num, find_suffixes(root, prefix)), default=-1)
..\fase6 proyecto integrador\mlflow-lab\Lib\site-packages\_pytest\pathlib.py:183: in extract_suffixes
    for entry in iter:
_ _ _ _ _ _ _ _ _ _ _ _ _ _ _ _ _ _ _ _ _ _ _ _ _ _ _ _ _ _ _ _ _ _ _ _ _ _ _ _

root = WindowsPath('C:/Users/c3283/AppData/Local/Temp/pytest-of-c3283')
prefix = 'pytest-'

    def find_prefixed(root: Path, prefix: str) -> Iterator[os.DirEntry[str]]:
        """Find all elements in root that begin with the prefix, case-insensitive."""
        l_prefix = prefix.lower()
>       for x in os.scandir(root):
E       PermissionError: [WinError 5] Acceso denegado: 'C:\\Users\\c3283\\AppData\\Local\\Temp\\pytest-of-c3283'

..\fase6 proyecto integrador\mlflow-lab\Lib\site-packages\_pytest\pathlib.py:171: PermissionError
_ ERROR at setup of test_run_can_be_read_in_a_new_session[logistic_regression] _

cls = <class '_pytest.runner.CallInfo'>
func = <function call_and_report.<locals>.<lambda> at 0x0000022AD4B5A5C0>
when = 'setup'
reraise = (<class '_pytest.outcomes.Exit'>, <class 'KeyboardInterrupt'>)

    @classmethod
    def from_call(
        cls,
        func: Callable[[], TResult],
        when: Literal["collect", "setup", "call", "teardown"],
        reraise: type[BaseException] | tuple[type[BaseException], ...] | None = None,
    ) -> CallInfo[TResult]:
        """Call func, wrapping the result in a CallInfo.
    
        :param func:
            The function to call. Called without arguments.
        :type func: Callable[[], _pytest.runner.TResult]
        :param when:
            The phase in which the function is called.
        :param reraise:
            Exception or exceptions that shall propagate if raised by the
            function, instead of being wrapped in the CallInfo.
        """
        excinfo = None
        start = timing.time()
        precise_start = timing.perf_counter()
        try:
>           result: TResult | None = func()

..\fase6 proyecto integrador\mlflow-lab\Lib\site-packages\_pytest\runner.py:341: 
_ _ _ _ _ _ _ _ _ _ _ _ _ _ _ _ _ _ _ _ _ _ _ _ _ _ _ _ _ _ _ _ _ _ _ _ _ _ _ _
..\fase6 proyecto integrador\mlflow-lab\Lib\site-packages\_pytest\runner.py:242: in <lambda>
    lambda: runtest_hook(item=item, **kwds), when=when, reraise=reraise
..\fase6 proyecto integrador\mlflow-lab\Lib\site-packages\pluggy\_hooks.py:512: in __call__
    return self._hookexec(self.name, self._hookimpls.copy(), kwargs, firstresult)
..\fase6 proyecto integrador\mlflow-lab\Lib\site-packages\pluggy\_manager.py:120: in _hookexec
    return self._inner_hookexec(hook_name, methods, kwargs, firstresult)
..\fase6 proyecto integrador\mlflow-lab\Lib\site-packages\_pytest\unraisableexception.py:90: in pytest_runtest_setup
    yield from unraisable_exception_runtest_hook()
..\fase6 proyecto integrador\mlflow-lab\Lib\site-packages\_pytest\unraisableexception.py:70: in unraisable_exception_runtest_hook
    yield
..\fase6 proyecto integrador\mlflow-lab\Lib\site-packages\_pytest\logging.py:840: in pytest_runtest_setup
    yield from self._runtest_for(item, "setup")
..\fase6 proyecto integrador\mlflow-lab\Lib\site-packages\_pytest\logging.py:829: in _runtest_for
    yield
..\fase6 proyecto integrador\mlflow-lab\Lib\site-packages\_pytest\capture.py:875: in pytest_runtest_setup
    return (yield)
..\fase6 proyecto integrador\mlflow-lab\Lib\site-packages\_pytest\threadexception.py:87: in pytest_runtest_setup
    yield from thread_exception_runtest_hook()
..\fase6 proyecto integrador\mlflow-lab\Lib\site-packages\_pytest\threadexception.py:68: in thread_exception_runtest_hook
    yield
..\fase6 proyecto integrador\mlflow-lab\Lib\site-packages\_pytest\runner.py:160: in pytest_runtest_setup
    item.session._setupstate.setup(item)
..\fase6 proyecto integrador\mlflow-lab\Lib\site-packages\_pytest\runner.py:514: in setup
    col.setup()
..\fase6 proyecto integrador\mlflow-lab\Lib\site-packages\_pytest\python.py:1630: in setup
    self._request._fillfixtures()
..\fase6 proyecto integrador\mlflow-lab\Lib\site-packages\_pytest\fixtures.py:697: in _fillfixtures
    item.funcargs[argname] = self.getfixturevalue(argname)
..\fase6 proyecto integrador\mlflow-lab\Lib\site-packages\_pytest\fixtures.py:532: in getfixturevalue
    fixturedef = self._get_active_fixturedef(argname)
..\fase6 proyecto integrador\mlflow-lab\Lib\site-packages\_pytest\fixtures.py:617: in _get_active_fixturedef
    fixturedef.execute(request=subrequest)
..\fase6 proyecto integrador\mlflow-lab\Lib\site-packages\_pytest\fixtures.py:1091: in execute
    result = ihook.pytest_fixture_setup(fixturedef=self, request=request)
..\fase6 proyecto integrador\mlflow-lab\Lib\site-packages\pluggy\_hooks.py:512: in __call__
    return self._hookexec(self.name, self._hookimpls.copy(), kwargs, firstresult)
..\fase6 proyecto integrador\mlflow-lab\Lib\site-packages\pluggy\_manager.py:120: in _hookexec
    return self._inner_hookexec(hook_name, methods, kwargs, firstresult)
..\fase6 proyecto integrador\mlflow-lab\Lib\site-packages\pluggy\_callers.py:53: in run_old_style_hookwrapper
    return result.get_result()
..\fase6 proyecto integrador\mlflow-lab\Lib\site-packages\pluggy\_callers.py:38: in run_old_style_hookwrapper
    res = yield
..\fase6 proyecto integrador\mlflow-lab\Lib\site-packages\_pytest\setuponly.py:36: in pytest_fixture_setup
    return (yield)
..\fase6 proyecto integrador\mlflow-lab\Lib\site-packages\_pytest\fixtures.py:1140: in pytest_fixture_setup
    result = call_fixture_func(fixturefunc, request, kwargs)
..\fase6 proyecto integrador\mlflow-lab\Lib\site-packages\_pytest\fixtures.py:891: in call_fixture_func
    fixture_result = next(generator)
..\fase6 proyecto integrador\mlflow-lab\Lib\site-packages\_pytest\tmpdir.py:273: in tmp_path
    path = _mk_tmp(request, tmp_path_factory)
..\fase6 proyecto integrador\mlflow-lab\Lib\site-packages\_pytest\tmpdir.py:253: in _mk_tmp
    return factory.mktemp(name, numbered=True)
..\fase6 proyecto integrador\mlflow-lab\Lib\site-packages\_pytest\tmpdir.py:132: in mktemp
    basename = self._ensure_relative_to_basetemp(basename)
..\fase6 proyecto integrador\mlflow-lab\Lib\site-packages\_pytest\tmpdir.py:113: in _ensure_relative_to_basetemp
    if (self.getbasetemp() / basename).resolve().parent != self.getbasetemp():
..\fase6 proyecto integrador\mlflow-lab\Lib\site-packages\_pytest\tmpdir.py:188: in getbasetemp
    basetemp = make_numbered_dir_with_cleanup(
..\fase6 proyecto integrador\mlflow-lab\Lib\site-packages\_pytest\pathlib.py:402: in make_numbered_dir_with_cleanup
    raise e
..\fase6 proyecto integrador\mlflow-lab\Lib\site-packages\_pytest\pathlib.py:383: in make_numbered_dir_with_cleanup
    p = make_numbered_dir(root, prefix, mode)
..\fase6 proyecto integrador\mlflow-lab\Lib\site-packages\_pytest\pathlib.py:224: in make_numbered_dir
    max_existing = max(map(parse_num, find_suffixes(root, prefix)), default=-1)
..\fase6 proyecto integrador\mlflow-lab\Lib\site-packages\_pytest\pathlib.py:183: in extract_suffixes
    for entry in iter:
_ _ _ _ _ _ _ _ _ _ _ _ _ _ _ _ _ _ _ _ _ _ _ _ _ _ _ _ _ _ _ _ _ _ _ _ _ _ _ _

root = WindowsPath('C:/Users/c3283/AppData/Local/Temp/pytest-of-c3283')
prefix = 'pytest-'

    def find_prefixed(root: Path, prefix: str) -> Iterator[os.DirEntry[str]]:
        """Find all elements in root that begin with the prefix, case-insensitive."""
        l_prefix = prefix.lower()
>       for x in os.scandir(root):
E       PermissionError: [WinError 5] Acceso denegado: 'C:\\Users\\c3283\\AppData\\Local\\Temp\\pytest-of-c3283'

..\fase6 proyecto integrador\mlflow-lab\Lib\site-packages\_pytest\pathlib.py:171: PermissionError
___ ERROR at setup of test_run_can_be_read_in_a_new_session[random_forest] ____

cls = <class '_pytest.runner.CallInfo'>
func = <function call_and_report.<locals>.<lambda> at 0x0000022AD63E7EC0>
when = 'setup'
reraise = (<class '_pytest.outcomes.Exit'>, <class 'KeyboardInterrupt'>)

    @classmethod
    def from_call(
        cls,
        func: Callable[[], TResult],
        when: Literal["collect", "setup", "call", "teardown"],
        reraise: type[BaseException] | tuple[type[BaseException], ...] | None = None,
    ) -> CallInfo[TResult]:
        """Call func, wrapping the result in a CallInfo.
    
        :param func:
            The function to call. Called without arguments.
        :type func: Callable[[], _pytest.runner.TResult]
        :param when:
            The phase in which the function is called.
        :param reraise:
            Exception or exceptions that shall propagate if raised by the
            function, instead of being wrapped in the CallInfo.
        """
        excinfo = None
        start = timing.time()
        precise_start = timing.perf_counter()
        try:
>           result: TResult | None = func()

..\fase6 proyecto integrador\mlflow-lab\Lib\site-packages\_pytest\runner.py:341: 
_ _ _ _ _ _ _ _ _ _ _ _ _ _ _ _ _ _ _ _ _ _ _ _ _ _ _ _ _ _ _ _ _ _ _ _ _ _ _ _
..\fase6 proyecto integrador\mlflow-lab\Lib\site-packages\_pytest\runner.py:242: in <lambda>
    lambda: runtest_hook(item=item, **kwds), when=when, reraise=reraise
..\fase6 proyecto integrador\mlflow-lab\Lib\site-packages\pluggy\_hooks.py:512: in __call__
    return self._hookexec(self.name, self._hookimpls.copy(), kwargs, firstresult)
..\fase6 proyecto integrador\mlflow-lab\Lib\site-packages\pluggy\_manager.py:120: in _hookexec
    return self._inner_hookexec(hook_name, methods, kwargs, firstresult)
..\fase6 proyecto integrador\mlflow-lab\Lib\site-packages\_pytest\unraisableexception.py:90: in pytest_runtest_setup
    yield from unraisable_exception_runtest_hook()
..\fase6 proyecto integrador\mlflow-lab\Lib\site-packages\_pytest\unraisableexception.py:70: in unraisable_exception_runtest_hook
    yield
..\fase6 proyecto integrador\mlflow-lab\Lib\site-packages\_pytest\logging.py:840: in pytest_runtest_setup
    yield from self._runtest_for(item, "setup")
..\fase6 proyecto integrador\mlflow-lab\Lib\site-packages\_pytest\logging.py:829: in _runtest_for
    yield
..\fase6 proyecto integrador\mlflow-lab\Lib\site-packages\_pytest\capture.py:875: in pytest_runtest_setup
    return (yield)
..\fase6 proyecto integrador\mlflow-lab\Lib\site-packages\_pytest\threadexception.py:87: in pytest_runtest_setup
    yield from thread_exception_runtest_hook()
..\fase6 proyecto integrador\mlflow-lab\Lib\site-packages\_pytest\threadexception.py:68: in thread_exception_runtest_hook
    yield
..\fase6 proyecto integrador\mlflow-lab\Lib\site-packages\_pytest\runner.py:160: in pytest_runtest_setup
    item.session._setupstate.setup(item)
..\fase6 proyecto integrador\mlflow-lab\Lib\site-packages\_pytest\runner.py:514: in setup
    col.setup()
..\fase6 proyecto integrador\mlflow-lab\Lib\site-packages\_pytest\python.py:1630: in setup
    self._request._fillfixtures()
..\fase6 proyecto integrador\mlflow-lab\Lib\site-packages\_pytest\fixtures.py:697: in _fillfixtures
    item.funcargs[argname] = self.getfixturevalue(argname)
..\fase6 proyecto integrador\mlflow-lab\Lib\site-packages\_pytest\fixtures.py:532: in getfixturevalue
    fixturedef = self._get_active_fixturedef(argname)
..\fase6 proyecto integrador\mlflow-lab\Lib\site-packages\_pytest\fixtures.py:617: in _get_active_fixturedef
    fixturedef.execute(request=subrequest)
..\fase6 proyecto integrador\mlflow-lab\Lib\site-packages\_pytest\fixtures.py:1091: in execute
    result = ihook.pytest_fixture_setup(fixturedef=self, request=request)
..\fase6 proyecto integrador\mlflow-lab\Lib\site-packages\pluggy\_hooks.py:512: in __call__
    return self._hookexec(self.name, self._hookimpls.copy(), kwargs, firstresult)
..\fase6 proyecto integrador\mlflow-lab\Lib\site-packages\pluggy\_manager.py:120: in _hookexec
    return self._inner_hookexec(hook_name, methods, kwargs, firstresult)
..\fase6 proyecto integrador\mlflow-lab\Lib\site-packages\pluggy\_callers.py:53: in run_old_style_hookwrapper
    return result.get_result()
..\fase6 proyecto integrador\mlflow-lab\Lib\site-packages\pluggy\_callers.py:38: in run_old_style_hookwrapper
    res = yield
..\fase6 proyecto integrador\mlflow-lab\Lib\site-packages\_pytest\setuponly.py:36: in pytest_fixture_setup
    return (yield)
..\fase6 proyecto integrador\mlflow-lab\Lib\site-packages\_pytest\fixtures.py:1140: in pytest_fixture_setup
    result = call_fixture_func(fixturefunc, request, kwargs)
..\fase6 proyecto integrador\mlflow-lab\Lib\site-packages\_pytest\fixtures.py:891: in call_fixture_func
    fixture_result = next(generator)
..\fase6 proyecto integrador\mlflow-lab\Lib\site-packages\_pytest\tmpdir.py:273: in tmp_path
    path = _mk_tmp(request, tmp_path_factory)
..\fase6 proyecto integrador\mlflow-lab\Lib\site-packages\_pytest\tmpdir.py:253: in _mk_tmp
    return factory.mktemp(name, numbered=True)
..\fase6 proyecto integrador\mlflow-lab\Lib\site-packages\_pytest\tmpdir.py:132: in mktemp
    basename = self._ensure_relative_to_basetemp(basename)
..\fase6 proyecto integrador\mlflow-lab\Lib\site-packages\_pytest\tmpdir.py:113: in _ensure_relative_to_basetemp
    if (self.getbasetemp() / basename).resolve().parent != self.getbasetemp():
..\fase6 proyecto integrador\mlflow-lab\Lib\site-packages\_pytest\tmpdir.py:188: in getbasetemp
    basetemp = make_numbered_dir_with_cleanup(
..\fase6 proyecto integrador\mlflow-lab\Lib\site-packages\_pytest\pathlib.py:402: in make_numbered_dir_with_cleanup
    raise e
..\fase6 proyecto integrador\mlflow-lab\Lib\site-packages\_pytest\pathlib.py:383: in make_numbered_dir_with_cleanup
    p = make_numbered_dir(root, prefix, mode)
..\fase6 proyecto integrador\mlflow-lab\Lib\site-packages\_pytest\pathlib.py:224: in make_numbered_dir
    max_existing = max(map(parse_num, find_suffixes(root, prefix)), default=-1)
..\fase6 proyecto integrador\mlflow-lab\Lib\site-packages\_pytest\pathlib.py:183: in extract_suffixes
    for entry in iter:
_ _ _ _ _ _ _ _ _ _ _ _ _ _ _ _ _ _ _ _ _ _ _ _ _ _ _ _ _ _ _ _ _ _ _ _ _ _ _ _

root = WindowsPath('C:/Users/c3283/AppData/Local/Temp/pytest-of-c3283')
prefix = 'pytest-'

    def find_prefixed(root: Path, prefix: str) -> Iterator[os.DirEntry[str]]:
        """Find all elements in root that begin with the prefix, case-insensitive."""
        l_prefix = prefix.lower()
>       for x in os.scandir(root):
E       PermissionError: [WinError 5] Acceso denegado: 'C:\\Users\\c3283\\AppData\\Local\\Temp\\pytest-of-c3283'

..\fase6 proyecto integrador\mlflow-lab\Lib\site-packages\_pytest\pathlib.py:171: PermissionError
_ ERROR at setup of test_run_can_be_read_in_a_new_session[hist_gradient_boosting] _

cls = <class '_pytest.runner.CallInfo'>
func = <function call_and_report.<locals>.<lambda> at 0x0000022AD6448040>
when = 'setup'
reraise = (<class '_pytest.outcomes.Exit'>, <class 'KeyboardInterrupt'>)

    @classmethod
    def from_call(
        cls,
        func: Callable[[], TResult],
        when: Literal["collect", "setup", "call", "teardown"],
        reraise: type[BaseException] | tuple[type[BaseException], ...] | None = None,
    ) -> CallInfo[TResult]:
        """Call func, wrapping the result in a CallInfo.
    
        :param func:
            The function to call. Called without arguments.
        :type func: Callable[[], _pytest.runner.TResult]
        :param when:
            The phase in which the function is called.
        :param reraise:
            Exception or exceptions that shall propagate if raised by the
            function, instead of being wrapped in the CallInfo.
        """
        excinfo = None
        start = timing.time()
        precise_start = timing.perf_counter()
        try:
>           result: TResult | None = func()

..\fase6 proyecto integrador\mlflow-lab\Lib\site-packages\_pytest\runner.py:341: 
_ _ _ _ _ _ _ _ _ _ _ _ _ _ _ _ _ _ _ _ _ _ _ _ _ _ _ _ _ _ _ _ _ _ _ _ _ _ _ _
..\fase6 proyecto integrador\mlflow-lab\Lib\site-packages\_pytest\runner.py:242: in <lambda>
    lambda: runtest_hook(item=item, **kwds), when=when, reraise=reraise
..\fase6 proyecto integrador\mlflow-lab\Lib\site-packages\pluggy\_hooks.py:512: in __call__
    return self._hookexec(self.name, self._hookimpls.copy(), kwargs, firstresult)
..\fase6 proyecto integrador\mlflow-lab\Lib\site-packages\pluggy\_manager.py:120: in _hookexec
    return self._inner_hookexec(hook_name, methods, kwargs, firstresult)
..\fase6 proyecto integrador\mlflow-lab\Lib\site-packages\_pytest\unraisableexception.py:90: in pytest_runtest_setup
    yield from unraisable_exception_runtest_hook()
..\fase6 proyecto integrador\mlflow-lab\Lib\site-packages\_pytest\unraisableexception.py:70: in unraisable_exception_runtest_hook
    yield
..\fase6 proyecto integrador\mlflow-lab\Lib\site-packages\_pytest\logging.py:840: in pytest_runtest_setup
    yield from self._runtest_for(item, "setup")
..\fase6 proyecto integrador\mlflow-lab\Lib\site-packages\_pytest\logging.py:829: in _runtest_for
    yield
..\fase6 proyecto integrador\mlflow-lab\Lib\site-packages\_pytest\capture.py:875: in pytest_runtest_setup
    return (yield)
..\fase6 proyecto integrador\mlflow-lab\Lib\site-packages\_pytest\threadexception.py:87: in pytest_runtest_setup
    yield from thread_exception_runtest_hook()
..\fase6 proyecto integrador\mlflow-lab\Lib\site-packages\_pytest\threadexception.py:68: in thread_exception_runtest_hook
    yield
..\fase6 proyecto integrador\mlflow-lab\Lib\site-packages\_pytest\runner.py:160: in pytest_runtest_setup
    item.session._setupstate.setup(item)
..\fase6 proyecto integrador\mlflow-lab\Lib\site-packages\_pytest\runner.py:514: in setup
    col.setup()
..\fase6 proyecto integrador\mlflow-lab\Lib\site-packages\_pytest\python.py:1630: in setup
    self._request._fillfixtures()
..\fase6 proyecto integrador\mlflow-lab\Lib\site-packages\_pytest\fixtures.py:697: in _fillfixtures
    item.funcargs[argname] = self.getfixturevalue(argname)
..\fase6 proyecto integrador\mlflow-lab\Lib\site-packages\_pytest\fixtures.py:532: in getfixturevalue
    fixturedef = self._get_active_fixturedef(argname)
..\fase6 proyecto integrador\mlflow-lab\Lib\site-packages\_pytest\fixtures.py:617: in _get_active_fixturedef
    fixturedef.execute(request=subrequest)
..\fase6 proyecto integrador\mlflow-lab\Lib\site-packages\_pytest\fixtures.py:1091: in execute
    result = ihook.pytest_fixture_setup(fixturedef=self, request=request)
..\fase6 proyecto integrador\mlflow-lab\Lib\site-packages\pluggy\_hooks.py:512: in __call__
    return self._hookexec(self.name, self._hookimpls.copy(), kwargs, firstresult)
..\fase6 proyecto integrador\mlflow-lab\Lib\site-packages\pluggy\_manager.py:120: in _hookexec
    return self._inner_hookexec(hook_name, methods, kwargs, firstresult)
..\fase6 proyecto integrador\mlflow-lab\Lib\site-packages\pluggy\_callers.py:53: in run_old_style_hookwrapper
    return result.get_result()
..\fase6 proyecto integrador\mlflow-lab\Lib\site-packages\pluggy\_callers.py:38: in run_old_style_hookwrapper
    res = yield
..\fase6 proyecto integrador\mlflow-lab\Lib\site-packages\_pytest\setuponly.py:36: in pytest_fixture_setup
    return (yield)
..\fase6 proyecto integrador\mlflow-lab\Lib\site-packages\_pytest\fixtures.py:1140: in pytest_fixture_setup
    result = call_fixture_func(fixturefunc, request, kwargs)
..\fase6 proyecto integrador\mlflow-lab\Lib\site-packages\_pytest\fixtures.py:891: in call_fixture_func
    fixture_result = next(generator)
..\fase6 proyecto integrador\mlflow-lab\Lib\site-packages\_pytest\tmpdir.py:273: in tmp_path
    path = _mk_tmp(request, tmp_path_factory)
..\fase6 proyecto integrador\mlflow-lab\Lib\site-packages\_pytest\tmpdir.py:253: in _mk_tmp
    return factory.mktemp(name, numbered=True)
..\fase6 proyecto integrador\mlflow-lab\Lib\site-packages\_pytest\tmpdir.py:132: in mktemp
    basename = self._ensure_relative_to_basetemp(basename)
..\fase6 proyecto integrador\mlflow-lab\Lib\site-packages\_pytest\tmpdir.py:113: in _ensure_relative_to_basetemp
    if (self.getbasetemp() / basename).resolve().parent != self.getbasetemp():
..\fase6 proyecto integrador\mlflow-lab\Lib\site-packages\_pytest\tmpdir.py:188: in getbasetemp
    basetemp = make_numbered_dir_with_cleanup(
..\fase6 proyecto integrador\mlflow-lab\Lib\site-packages\_pytest\pathlib.py:402: in make_numbered_dir_with_cleanup
    raise e
..\fase6 proyecto integrador\mlflow-lab\Lib\site-packages\_pytest\pathlib.py:383: in make_numbered_dir_with_cleanup
    p = make_numbered_dir(root, prefix, mode)
..\fase6 proyecto integrador\mlflow-lab\Lib\site-packages\_pytest\pathlib.py:224: in make_numbered_dir
    max_existing = max(map(parse_num, find_suffixes(root, prefix)), default=-1)
..\fase6 proyecto integrador\mlflow-lab\Lib\site-packages\_pytest\pathlib.py:183: in extract_suffixes
    for entry in iter:
_ _ _ _ _ _ _ _ _ _ _ _ _ _ _ _ _ _ _ _ _ _ _ _ _ _ _ _ _ _ _ _ _ _ _ _ _ _ _ _

root = WindowsPath('C:/Users/c3283/AppData/Local/Temp/pytest-of-c3283')
prefix = 'pytest-'

    def find_prefixed(root: Path, prefix: str) -> Iterator[os.DirEntry[str]]:
        """Find all elements in root that begin with the prefix, case-insensitive."""
        l_prefix = prefix.lower()
>       for x in os.scandir(root):
E       PermissionError: [WinError 5] Acceso denegado: 'C:\\Users\\c3283\\AppData\\Local\\Temp\\pytest-of-c3283'

..\fase6 proyecto integrador\mlflow-lab\Lib\site-packages\_pytest\pathlib.py:171: PermissionError
___ ERROR at setup of test_run_can_be_read_in_a_new_session[selected_model] ___

cls = <class '_pytest.runner.CallInfo'>
func = <function call_and_report.<locals>.<lambda> at 0x0000022AD6448220>
when = 'setup'
reraise = (<class '_pytest.outcomes.Exit'>, <class 'KeyboardInterrupt'>)

    @classmethod
    def from_call(
        cls,
        func: Callable[[], TResult],
        when: Literal["collect", "setup", "call", "teardown"],
        reraise: type[BaseException] | tuple[type[BaseException], ...] | None = None,
    ) -> CallInfo[TResult]:
        """Call func, wrapping the result in a CallInfo.
    
        :param func:
            The function to call. Called without arguments.
        :type func: Callable[[], _pytest.runner.TResult]
        :param when:
            The phase in which the function is called.
        :param reraise:
            Exception or exceptions that shall propagate if raised by the
            function, instead of being wrapped in the CallInfo.
        """
        excinfo = None
        start = timing.time()
        precise_start = timing.perf_counter()
        try:
>           result: TResult | None = func()

..\fase6 proyecto integrador\mlflow-lab\Lib\site-packages\_pytest\runner.py:341: 
_ _ _ _ _ _ _ _ _ _ _ _ _ _ _ _ _ _ _ _ _ _ _ _ _ _ _ _ _ _ _ _ _ _ _ _ _ _ _ _
..\fase6 proyecto integrador\mlflow-lab\Lib\site-packages\_pytest\runner.py:242: in <lambda>
    lambda: runtest_hook(item=item, **kwds), when=when, reraise=reraise
..\fase6 proyecto integrador\mlflow-lab\Lib\site-packages\pluggy\_hooks.py:512: in __call__
    return self._hookexec(self.name, self._hookimpls.copy(), kwargs, firstresult)
..\fase6 proyecto integrador\mlflow-lab\Lib\site-packages\pluggy\_manager.py:120: in _hookexec
    return self._inner_hookexec(hook_name, methods, kwargs, firstresult)
..\fase6 proyecto integrador\mlflow-lab\Lib\site-packages\_pytest\unraisableexception.py:90: in pytest_runtest_setup
    yield from unraisable_exception_runtest_hook()
..\fase6 proyecto integrador\mlflow-lab\Lib\site-packages\_pytest\unraisableexception.py:70: in unraisable_exception_runtest_hook
    yield
..\fase6 proyecto integrador\mlflow-lab\Lib\site-packages\_pytest\logging.py:840: in pytest_runtest_setup
    yield from self._runtest_for(item, "setup")
..\fase6 proyecto integrador\mlflow-lab\Lib\site-packages\_pytest\logging.py:829: in _runtest_for
    yield
..\fase6 proyecto integrador\mlflow-lab\Lib\site-packages\_pytest\capture.py:875: in pytest_runtest_setup
    return (yield)
..\fase6 proyecto integrador\mlflow-lab\Lib\site-packages\_pytest\threadexception.py:87: in pytest_runtest_setup
    yield from thread_exception_runtest_hook()
..\fase6 proyecto integrador\mlflow-lab\Lib\site-packages\_pytest\threadexception.py:68: in thread_exception_runtest_hook
    yield
..\fase6 proyecto integrador\mlflow-lab\Lib\site-packages\_pytest\runner.py:160: in pytest_runtest_setup
    item.session._setupstate.setup(item)
..\fase6 proyecto integrador\mlflow-lab\Lib\site-packages\_pytest\runner.py:514: in setup
    col.setup()
..\fase6 proyecto integrador\mlflow-lab\Lib\site-packages\_pytest\python.py:1630: in setup
    self._request._fillfixtures()
..\fase6 proyecto integrador\mlflow-lab\Lib\site-packages\_pytest\fixtures.py:697: in _fillfixtures
    item.funcargs[argname] = self.getfixturevalue(argname)
..\fase6 proyecto integrador\mlflow-lab\Lib\site-packages\_pytest\fixtures.py:532: in getfixturevalue
    fixturedef = self._get_active_fixturedef(argname)
..\fase6 proyecto integrador\mlflow-lab\Lib\site-packages\_pytest\fixtures.py:617: in _get_active_fixturedef
    fixturedef.execute(request=subrequest)
..\fase6 proyecto integrador\mlflow-lab\Lib\site-packages\_pytest\fixtures.py:1091: in execute
    result = ihook.pytest_fixture_setup(fixturedef=self, request=request)
..\fase6 proyecto integrador\mlflow-lab\Lib\site-packages\pluggy\_hooks.py:512: in __call__
    return self._hookexec(self.name, self._hookimpls.copy(), kwargs, firstresult)
..\fase6 proyecto integrador\mlflow-lab\Lib\site-packages\pluggy\_manager.py:120: in _hookexec
    return self._inner_hookexec(hook_name, methods, kwargs, firstresult)
..\fase6 proyecto integrador\mlflow-lab\Lib\site-packages\pluggy\_callers.py:53: in run_old_style_hookwrapper
    return result.get_result()
..\fase6 proyecto integrador\mlflow-lab\Lib\site-packages\pluggy\_callers.py:38: in run_old_style_hookwrapper
    res = yield
..\fase6 proyecto integrador\mlflow-lab\Lib\site-packages\_pytest\setuponly.py:36: in pytest_fixture_setup
    return (yield)
..\fase6 proyecto integrador\mlflow-lab\Lib\site-packages\_pytest\fixtures.py:1140: in pytest_fixture_setup
    result = call_fixture_func(fixturefunc, request, kwargs)
..\fase6 proyecto integrador\mlflow-lab\Lib\site-packages\_pytest\fixtures.py:891: in call_fixture_func
    fixture_result = next(generator)
..\fase6 proyecto integrador\mlflow-lab\Lib\site-packages\_pytest\tmpdir.py:273: in tmp_path
    path = _mk_tmp(request, tmp_path_factory)
..\fase6 proyecto integrador\mlflow-lab\Lib\site-packages\_pytest\tmpdir.py:253: in _mk_tmp
    return factory.mktemp(name, numbered=True)
..\fase6 proyecto integrador\mlflow-lab\Lib\site-packages\_pytest\tmpdir.py:132: in mktemp
    basename = self._ensure_relative_to_basetemp(basename)
..\fase6 proyecto integrador\mlflow-lab\Lib\site-packages\_pytest\tmpdir.py:113: in _ensure_relative_to_basetemp
    if (self.getbasetemp() / basename).resolve().parent != self.getbasetemp():
..\fase6 proyecto integrador\mlflow-lab\Lib\site-packages\_pytest\tmpdir.py:188: in getbasetemp
    basetemp = make_numbered_dir_with_cleanup(
..\fase6 proyecto integrador\mlflow-lab\Lib\site-packages\_pytest\pathlib.py:402: in make_numbered_dir_with_cleanup
    raise e
..\fase6 proyecto integrador\mlflow-lab\Lib\site-packages\_pytest\pathlib.py:383: in make_numbered_dir_with_cleanup
    p = make_numbered_dir(root, prefix, mode)
..\fase6 proyecto integrador\mlflow-lab\Lib\site-packages\_pytest\pathlib.py:224: in make_numbered_dir
    max_existing = max(map(parse_num, find_suffixes(root, prefix)), default=-1)
..\fase6 proyecto integrador\mlflow-lab\Lib\site-packages\_pytest\pathlib.py:183: in extract_suffixes
    for entry in iter:
_ _ _ _ _ _ _ _ _ _ _ _ _ _ _ _ _ _ _ _ _ _ _ _ _ _ _ _ _ _ _ _ _ _ _ _ _ _ _ _

root = WindowsPath('C:/Users/c3283/AppData/Local/Temp/pytest-of-c3283')
prefix = 'pytest-'

    def find_prefixed(root: Path, prefix: str) -> Iterator[os.DirEntry[str]]:
        """Find all elements in root that begin with the prefix, case-insensitive."""
        l_prefix = prefix.lower()
>       for x in os.scandir(root):
E       PermissionError: [WinError 5] Acceso denegado: 'C:\\Users\\c3283\\AppData\\Local\\Temp\\pytest-of-c3283'

..\fase6 proyecto integrador\mlflow-lab\Lib\site-packages\_pytest\pathlib.py:171: PermissionError
============================== warnings summary ===============================
tests/test_mlflow_tracking.py: 557 warnings
tests/test_api.py: 557 warnings
tests/test_model.py: 557 warnings
  C:\Users\c3283\Desktop\INCOEX\fase6 proyecto integrador\mlflow-lab\Lib\site-packages\joblib\numpy_pickle.py:207: DeprecationWarning: Setting the shape on a NumPy array has been deprecated in NumPy 2.5.
  As an alternative, you can create a new view using np.reshape (with copy=False if needed).
    array.shape = self.shape

-- Docs: https://docs.pytest.org/en/stable/how-to/capture-warnings.html
=========================== short test summary info ===========================
ERROR tests/test_mlflow_tracking.py::test_run_can_be_read_in_a_new_session[dummy_baseline]
ERROR tests/test_mlflow_tracking.py::test_run_can_be_read_in_a_new_session[logistic_regression]
ERROR tests/test_mlflow_tracking.py::test_run_can_be_read_in_a_new_session[random_forest]
ERROR tests/test_mlflow_tracking.py::test_run_can_be_read_in_a_new_session[hist_gradient_boosting]
ERROR tests/test_mlflow_tracking.py::test_run_can_be_read_in_a_new_session[selected_model]
58 passed, 1671 warnings, 5 errors in 20.36s
